2026-09-21 16:55:01.125: [INFO] CurrentProfilePath: C:\Users\Admin\eclipse-workspaceAutomation\SeleniumCucumberTestNG\selenium-java-cucumber-framework\.metadata\.plugins\org.eclipse.swt\EBWebView\Default
2026-09-21 16:55:01.125: [INFO] Profiles total count: 1
2026-09-21 16:55:01.125: [INFO] Profile: name=Profile 1 path=C:\Users\Admin\eclipse-workspaceAutomation\SeleniumCucumberTestNG\selenium-java-cucumber-framework\.metadata\.plugins\org.eclipse.swt\EBWebView\Default lastActive=null
2026-09-21 16:55:01.125: [INFO] LastUsedProfileDir: C:\Users\Admin\eclipse-workspaceAutomation\SeleniumCucumberTestNG\selenium-java-cucumber-framework\.metadata\.plugins\org.eclipse.swt\EBWebView\Default
2026-09-21 16:55:01.125: [INFO] OnDoneLoading sync enabled: 0
2026-09-21 16:55:01.125: [INFO] BookmarkModelLoaded, ids_reassigned: 0
2026-09-21 16:55:01.125: [INFO] BookmarksLoadDropped droppedNodes=0
2026-09-21 16:55:01.125: [INFO] BookmarksSnapshot Startup total=0 bar=0 other=0 mobile=0 showBar=0 showBarNTP=1
2026-09-21 16:55:06.230: [INFO] BookmarksSnapshot Shutdown total=0 bar=0 other=0 mobile=0 showBar=0 showBarNTP=1
2026-09-21 17:50:53.310: [INFO] CurrentProfilePath: C:\Users\Admin\eclipse-workspaceAutomation\SeleniumCucumberTestNG\selenium-java-cucumber-framework\.metadata\.plugins\org.eclipse.swt\EBWebView\Default
2026-09-21 17:50:53.310: [INFO] Profiles total count: 1
2026-09-21 17:50:53.310: [INFO] Profile: name=Profile 1 path=C:\Users\Admin\eclipse-workspaceAutomation\SeleniumCucumberTestNG\selenium-java-cucumber-framework\.metadata\.plugins\org.eclipse.swt\EBWebView\Default lastActive=2026-09-21T16:55:02.517Z
2026-09-21 17:50:53.310: [INFO] LastUsedProfileDir: C:\Users\Admin\eclipse-workspaceAutomation\SeleniumCucumberTestNG\selenium-java-cucumber-framework\.metadata\.plugins\org.eclipse.swt\EBWebView\Default
2026-09-21 17:50:53.310: [INFO] MostRecentlyActiveProfile: name=Profile 1 path=C:\Users\Admin\eclipse-workspaceAutomation\SeleniumCucumberTestNG\selenium-java-cucumber-framework\.metadata\.plugins\org.eclipse.swt\EBWebView\Default lastActive=2026-09-21T16:55:02.517Z
2026-09-21 17:50:53.310: [INFO] OnDoneLoading sync enabled: 0
2026-09-21 17:50:53.310: [INFO] BookmarkModelLoaded, ids_reassigned: 0
2026-09-21 17:50:53.310: [INFO] BookmarksLoadDropped droppedNodes=0
2026-09-21 17:50:53.310: [INFO] BookmarksSnapshot Startup total=0 bar=0 other=0 mobile=0 showBar=0 showBarNTP=1
2026-09-21 19:16:50.635: [INFO] BookmarksSnapshot Shutdown total=0 bar=0 other=0 mobile=0 showBar=0 showBarNTP=1
2026-09-22 03:21:31.522: [INFO] CurrentProfilePath: C:\Users\Admin\eclipse-workspaceAutomation\SeleniumCucumberTestNG\selenium-java-cucumber-framework\.metadata\.plugins\org.eclipse.swt\EBWebView\Default
2026-09-22 03:21:31.522: [INFO] Profiles total count: 1
2026-09-22 03:21:31.522: [INFO] Profile: name=Profile 1 path=C:\Users\Admin\eclipse-workspaceAutomation\SeleniumCucumberTestNG\selenium-java-cucumber-framework\.metadata\.plugins\org.eclipse.swt\EBWebView\Default lastActive=2026-09-22T02:52:41.121Z
2026-09-22 03:21:31.522: [INFO] LastUsedProfileDir: C:\Users\Admin\eclipse-workspaceAutomation\SeleniumCucumberTestNG\selenium-java-cucumber-framework\.metadata\.plugins\org.eclipse.swt\EBWebView\Default
2026-09-22 03:21:31.523: [INFO] MostRecentlyActiveProfile: name=Profile 1 path=C:\Users\Admin\eclipse-workspaceAutomation\SeleniumCucumberTestNG\selenium-java-cucumber-framework\.metadata\.plugins\org.eclipse.swt\EBWebView\Default lastActive=2026-09-22T02:52:41.121Z
2026-09-22 03:21:31.523: [INFO] OnDoneLoading sync enabled: 0
2026-09-22 03:21:31.523: [INFO] BookmarkModelLoaded, ids_reassigned: 0
2026-09-22 03:21:31.523: [INFO] BookmarksLoadDropped droppedNodes=0
2026-09-22 03:21:31.523: [INFO] BookmarksSnapshot Startup total=0 bar=0 other=0 mobile=0 showBar=0 showBarNTP=1
